------------------------------------------------------------
TimeQuest Timing Analyzer Summary
------------------------------------------------------------

Type  : Slow 1200mV 85C Model Setup 'clk_100~reg0'
Slack : -1.263
TNS   : -5.782

Type  : Slow 1200mV 85C Model Setup 'clk_500~reg0'
Slack : -0.082
TNS   : -0.248

Type  : Slow 1200mV 85C Model Setup 'clk'
Slack : 0.243
TNS   : 0.000

Type  : Slow 1200mV 85C Model Hold 'clk_500~reg0'
Slack : 0.337
TNS   : 0.000

Type  : Slow 1200mV 85C Model Hold 'clk'
Slack : 0.339
TNS   : 0.000

Type  : Slow 1200mV 85C Model Hold 'clk_100~reg0'
Slack : 0.340
TNS   : 0.000

Type  : Slow 1200mV 85C Model Minimum Pulse Width 'clk'
Slack : -3.000
TNS   : -6.000

Type  : Slow 1200mV 85C Model Minimum Pulse Width 'clk_100~reg0'
Slack : -1.000
TNS   : -8.000

Type  : Slow 1200mV 85C Model Minimum Pulse Width 'clk_500~reg0'
Slack : -1.000
TNS   : -4.000

Type  : Slow 1200mV 0C Model Setup 'clk_100~reg0'
Slack : -0.997
TNS   : -4.326

Type  : Slow 1200mV 0C Model Setup 'clk_500~reg0'
Slack : 0.042
TNS   : 0.000

Type  : Slow 1200mV 0C Model Setup 'clk'
Slack : 0.322
TNS   : 0.000

Type  : Slow 1200mV 0C Model Hold 'clk_500~reg0'
Slack : 0.290
TNS   : 0.000

Type  : Slow 1200mV 0C Model Hold 'clk'
Slack : 0.298
TNS   : 0.000

Type  : Slow 1200mV 0C Model Hold 'clk_100~reg0'
Slack : 0.298
TNS   : 0.000

Type  : Slow 1200mV 0C Model Minimum Pulse Width 'clk'
Slack : -3.000
TNS   : -6.000

Type  : Slow 1200mV 0C Model Minimum Pulse Width 'clk_100~reg0'
Slack : -1.000
TNS   : -8.000

Type  : Slow 1200mV 0C Model Minimum Pulse Width 'clk_500~reg0'
Slack : -1.000
TNS   : -4.000

Type  : Fast 1200mV 0C Model Setup 'clk_100~reg0'
Slack : -0.267
TNS   : -0.527

Type  : Fast 1200mV 0C Model Setup 'clk_500~reg0'
Slack : 0.395
TNS   : 0.000

Type  : Fast 1200mV 0C Model Setup 'clk'
Slack : 0.578
TNS   : 0.000

Type  : Fast 1200mV 0C Model Hold 'clk_500~reg0'
Slack : 0.166
TNS   : 0.000

Type  : Fast 1200mV 0C Model Hold 'clk'
Slack : 0.172
TNS   : 0.000

Type  : Fast 1200mV 0C Model Hold 'clk_100~reg0'
Slack : 0.174
TNS   : 0.000

Type  : Fast 1200mV 0C Model Minimum Pulse Width 'clk'
Slack : -3.000
TNS   : -6.186

Type  : Fast 1200mV 0C Model Minimum Pulse Width 'clk_100~reg0'
Slack : -1.000
TNS   : -8.000

Type  : Fast 1200mV 0C Model Minimum Pulse Width 'clk_500~reg0'
Slack : -1.000
TNS   : -4.000

------------------------------------------------------------
